Archive member included because of file (symbol)

g:/iti_files/imt_sdk_win_64/winavr/bin/../lib/gcc/avr/4.3.3/avr5\libgcc.a(_exit.o)
                              g:/iti_files/imt_sdk_win_64/winavr/bin/../lib/gcc/avr/4.3.3/../../../../avr/lib/avr5/crtm32.o (exit)
g:/iti_files/imt_sdk_win_64/winavr/bin/../lib/gcc/avr/4.3.3/avr5\libgcc.a(_clear_bss.o)
                              ./MCAL/EXT_INT/EXTI_Program.o (__do_clear_bss)

Memory Configuration

Name             Origin             Length             Attributes
text             0x00000000         0x00020000         xr
data             0x00800060         0x0000ffa0         rw !x
eeprom           0x00810000         0x00010000         rw !x
fuse             0x00820000         0x00000400         rw !x
lock             0x00830000         0x00000400         rw !x
signature        0x00840000         0x00000400         rw !x
*default*        0x00000000         0xffffffff

Linker script and memory map

LOAD g:/iti_files/imt_sdk_win_64/winavr/bin/../lib/gcc/avr/4.3.3/../../../../avr/lib/avr5/crtm32.o
LOAD ./MCAL/M_DIO/MDIO_Program.o
LOAD ./MCAL/EXT_INT/EXTI_Program.o
LOAD ./HAL/H_SWITCH/SWITCH_program.o
LOAD ./main.o
LOAD g:/iti_files/imt_sdk_win_64/winavr/bin/../lib/gcc/avr/4.3.3/avr5\libgcc.a
LOAD g:/iti_files/imt_sdk_win_64/winavr/bin/../lib/gcc/avr/4.3.3/../../../../avr/lib/avr5\libc.a
LOAD g:/iti_files/imt_sdk_win_64/winavr/bin/../lib/gcc/avr/4.3.3/avr5\libgcc.a

.hash
 *(.hash)

.dynsym
 *(.dynsym)

.dynstr
 *(.dynstr)

.gnu.version
 *(.gnu.version)

.gnu.version_d
 *(.gnu.version_d)

.gnu.version_r
 *(.gnu.version_r)

.rel.init
 *(.rel.init)

.rela.init
 *(.rela.init)

.rel.text
 *(.rel.text)
 *(.rel.text.*)
 *(.rel.gnu.linkonce.t*)

.rela.text
 *(.rela.text)
 *(.rela.text.*)
 *(.rela.gnu.linkonce.t*)

.rel.fini
 *(.rel.fini)

.rela.fini
 *(.rela.fini)

.rel.rodata
 *(.rel.rodata)
 *(.rel.rodata.*)
 *(.rel.gnu.linkonce.r*)

.rela.rodata
 *(.rela.rodata)
 *(.rela.rodata.*)
 *(.rela.gnu.linkonce.r*)

.rel.data
 *(.rel.data)
 *(.rel.data.*)
 *(.rel.gnu.linkonce.d*)

.rela.data
 *(.rela.data)
 *(.rela.data.*)
 *(.rela.gnu.linkonce.d*)

.rel.ctors
 *(.rel.ctors)

.rela.ctors
 *(.rela.ctors)

.rel.dtors
 *(.rel.dtors)

.rela.dtors
 *(.rela.dtors)

.rel.got
 *(.rel.got)

.rela.got
 *(.rela.got)

.rel.bss
 *(.rel.bss)

.rela.bss
 *(.rela.bss)

.rel.plt
 *(.rel.plt)

.rela.plt
 *(.rela.plt)

.text           0x00000000      0xa26
 *(.vectors)
 .vectors       0x00000000       0x54 g:/iti_files/imt_sdk_win_64/winavr/bin/../lib/gcc/avr/4.3.3/../../../../avr/lib/avr5/crtm32.o
                0x00000000                __vectors
                0x00000000                __vector_default
 *(.vectors)
 *(.progmem.gcc*)
 *(.progmem*)
                0x00000054                . = ALIGN (0x2)
                0x00000054                __trampolines_start = .
 *(.trampolines)
 .trampolines   0x00000054        0x0 linker stubs
 *(.trampolines*)
                0x00000054                __trampolines_end = .
 *(.jumptables)
 *(.jumptables*)
 *(.lowtext)
 *(.lowtext*)
                0x00000054                __ctors_start = .
 *(.ctors)
                0x00000054                __ctors_end = .
                0x00000054                __dtors_start = .
 *(.dtors)
                0x00000054                __dtors_end = .
 SORT(*)(.ctors)
 SORT(*)(.dtors)
 *(.init0)
 .init0         0x00000054        0x0 g:/iti_files/imt_sdk_win_64/winavr/bin/../lib/gcc/avr/4.3.3/../../../../avr/lib/avr5/crtm32.o
                0x00000054                __init
 *(.init0)
 *(.init1)
 *(.init1)
 *(.init2)
 .init2         0x00000054        0xc g:/iti_files/imt_sdk_win_64/winavr/bin/../lib/gcc/avr/4.3.3/../../../../avr/lib/avr5/crtm32.o
 *(.init2)
 *(.init3)
 *(.init3)
 *(.init4)
 .init4         0x00000060       0x10 g:/iti_files/imt_sdk_win_64/winavr/bin/../lib/gcc/avr/4.3.3/avr5\libgcc.a(_clear_bss.o)
                0x00000060                __do_clear_bss
 *(.init4)
 *(.init5)
 *(.init5)
 *(.init6)
 *(.init6)
 *(.init7)
 *(.init7)
 *(.init8)
 *(.init8)
 *(.init9)
 .init9         0x00000070        0x8 g:/iti_files/imt_sdk_win_64/winavr/bin/../lib/gcc/avr/4.3.3/../../../../avr/lib/avr5/crtm32.o
 *(.init9)
 *(.text)
 .text          0x00000078        0x4 g:/iti_files/imt_sdk_win_64/winavr/bin/../lib/gcc/avr/4.3.3/../../../../avr/lib/avr5/crtm32.o
                0x00000078                __vector_12
                0x00000078                __bad_interrupt
                0x00000078                __vector_6
                0x00000078                __vector_11
                0x00000078                __vector_13
                0x00000078                __vector_17
                0x00000078                __vector_19
                0x00000078                __vector_7
                0x00000078                __vector_5
                0x00000078                __vector_4
                0x00000078                __vector_9
                0x00000078                __vector_15
                0x00000078                __vector_8
                0x00000078                __vector_14
                0x00000078                __vector_10
                0x00000078                __vector_16
                0x00000078                __vector_18
                0x00000078                __vector_20
 .text          0x0000007c        0x0 ./MCAL/M_DIO/MDIO_Program.o
 .text          0x0000007c        0x0 ./MCAL/EXT_INT/EXTI_Program.o
 .text          0x0000007c        0x0 ./HAL/H_SWITCH/SWITCH_program.o
 .text          0x0000007c        0x0 ./main.o
 .text          0x0000007c        0x0 g:/iti_files/imt_sdk_win_64/winavr/bin/../lib/gcc/avr/4.3.3/avr5\libgcc.a(_exit.o)
 .text          0x0000007c        0x0 g:/iti_files/imt_sdk_win_64/winavr/bin/../lib/gcc/avr/4.3.3/avr5\libgcc.a(_clear_bss.o)
                0x0000007c                . = ALIGN (0x2)
 *(.text.*)
 .text.MDIO_voidDioSetPinDirection
                0x0000007c      0x200 ./MCAL/M_DIO/MDIO_Program.o
                0x0000007c                MDIO_voidDioSetPinDirection
 .text.MDIO_voidDioSetPinValue
                0x0000027c      0x200 ./MCAL/M_DIO/MDIO_Program.o
                0x0000027c                MDIO_voidDioSetPinValue
 .text.MDIO_u8DioGetPinValue
                0x0000047c       0xf2 ./MCAL/M_DIO/MDIO_Program.o
                0x0000047c                MDIO_u8DioGetPinValue
 .text.MDIO_voidDioTogglePin
                0x0000056e       0xfa ./MCAL/M_DIO/MDIO_Program.o
                0x0000056e                MDIO_voidDioTogglePin
 .text.MDIO_voidDioSetPortDirection
                0x00000668       0x82 ./MCAL/M_DIO/MDIO_Program.o
                0x00000668                MDIO_voidDioSetPortDirection
 .text.MDIO_voidDioSetPortValue
                0x000006ea       0x82 ./MCAL/M_DIO/MDIO_Program.o
                0x000006ea                MDIO_voidDioSetPortValue
 .text.EXTI_voidInit
                0x0000076c       0x62 ./MCAL/EXT_INT/EXTI_Program.o
                0x0000076c                EXTI_voidInit
 .text.EXTI_voidGIE
                0x000007ce       0x1c ./MCAL/EXT_INT/EXTI_Program.o
                0x000007ce                EXTI_voidGIE
 .text.EXTI_voidEXTISetCallBack
                0x000007ea       0x36 ./MCAL/EXT_INT/EXTI_Program.o
                0x000007ea                EXTI_voidEXTISetCallBack
 .text.__vector_1
                0x00000820       0x66 ./MCAL/EXT_INT/EXTI_Program.o
                0x00000820                __vector_1
 .text.__vector_2
                0x00000886       0x66 ./MCAL/EXT_INT/EXTI_Program.o
                0x00000886                __vector_2
 .text.__vector_3
                0x000008ec       0x66 ./MCAL/EXT_INT/EXTI_Program.o
                0x000008ec                __vector_3
 .text.HSW_voidSwitchInit
                0x00000952       0x32 ./HAL/H_SWITCH/SWITCH_program.o
                0x00000952                HSW_voidSwitchInit
 .text.HSW_u8SwitchGetValue
                0x00000984       0x20 ./HAL/H_SWITCH/SWITCH_program.o
                0x00000984                HSW_u8SwitchGetValue
 .text.main     0x000009a4       0x52 ./main.o
                0x000009a4                main
 .text.toggleLED_0
                0x000009f6       0x16 ./main.o
                0x000009f6                toggleLED_0
 .text.toggleLED_1
                0x00000a0c       0x16 ./main.o
                0x00000a0c                toggleLED_1
 .text.libgcc   0x00000a22        0x0 g:/iti_files/imt_sdk_win_64/winavr/bin/../lib/gcc/avr/4.3.3/avr5\libgcc.a(_exit.o)
 .text.libgcc   0x00000a22        0x0 g:/iti_files/imt_sdk_win_64/winavr/bin/../lib/gcc/avr/4.3.3/avr5\libgcc.a(_clear_bss.o)
                0x00000a22                . = ALIGN (0x2)
 *(.fini9)
 .fini9         0x00000a22        0x0 g:/iti_files/imt_sdk_win_64/winavr/bin/../lib/gcc/avr/4.3.3/avr5\libgcc.a(_exit.o)
                0x00000a22                exit
                0x00000a22                _exit
 *(.fini9)
 *(.fini8)
 *(.fini8)
 *(.fini7)
 *(.fini7)
 *(.fini6)
 *(.fini6)
 *(.fini5)
 *(.fini5)
 *(.fini4)
 *(.fini4)
 *(.fini3)
 *(.fini3)
 *(.fini2)
 *(.fini2)
 *(.fini1)
 *(.fini1)
 *(.fini0)
 .fini0         0x00000a22        0x4 g:/iti_files/imt_sdk_win_64/winavr/bin/../lib/gcc/avr/4.3.3/avr5\libgcc.a(_exit.o)
 *(.fini0)
                0x00000a26                _etext = .

.data           0x00800060        0x0 load address 0x00000a26
                0x00800060                PROVIDE (__data_start, .)
 *(.data)
 .data          0x00800060        0x0 g:/iti_files/imt_sdk_win_64/winavr/bin/../lib/gcc/avr/4.3.3/../../../../avr/lib/avr5/crtm32.o
 .data          0x00800060        0x0 ./MCAL/M_DIO/MDIO_Program.o
 .data          0x00800060        0x0 ./MCAL/EXT_INT/EXTI_Program.o
 .data          0x00800060        0x0 ./HAL/H_SWITCH/SWITCH_program.o
 .data          0x00800060        0x0 ./main.o
 .data          0x00800060        0x0 g:/iti_files/imt_sdk_win_64/winavr/bin/../lib/gcc/avr/4.3.3/avr5\libgcc.a(_exit.o)
 .data          0x00800060        0x0 g:/iti_files/imt_sdk_win_64/winavr/bin/../lib/gcc/avr/4.3.3/avr5\libgcc.a(_clear_bss.o)
 *(.data*)
 *(.rodata)
 *(.rodata*)
 *(.gnu.linkonce.d*)
                0x00800060                . = ALIGN (0x2)
                0x00800060                _edata = .
                0x00800060                PROVIDE (__data_end, .)

.bss            0x00800060        0x6
                0x00800060                PROVIDE (__bss_start, .)
 *(.bss)
 .bss           0x00800060        0x0 g:/iti_files/imt_sdk_win_64/winavr/bin/../lib/gcc/avr/4.3.3/../../../../avr/lib/avr5/crtm32.o
 .bss           0x00800060        0x0 ./MCAL/M_DIO/MDIO_Program.o
 .bss           0x00800060        0x0 ./MCAL/EXT_INT/EXTI_Program.o
 .bss           0x00800060        0x0 ./HAL/H_SWITCH/SWITCH_program.o
 .bss           0x00800060        0x0 ./main.o
 .bss           0x00800060        0x0 g:/iti_files/imt_sdk_win_64/winavr/bin/../lib/gcc/avr/4.3.3/avr5\libgcc.a(_exit.o)
 .bss           0x00800060        0x0 g:/iti_files/imt_sdk_win_64/winavr/bin/../lib/gcc/avr/4.3.3/avr5\libgcc.a(_clear_bss.o)
 *(.bss*)
 .bss.EXTI_pf_EXTI
                0x00800060        0x6 ./MCAL/EXT_INT/EXTI_Program.o
 *(COMMON)
                0x00800066                PROVIDE (__bss_end, .)
                0x00000a26                __data_load_start = LOADADDR (.data)
                0x00000a26                __data_load_end = (__data_load_start + SIZEOF (.data))

.noinit         0x00800066        0x0
                0x00800066                PROVIDE (__noinit_start, .)
 *(.noinit*)
                0x00800066                PROVIDE (__noinit_end, .)
                0x00800066                _end = .
                0x00800066                PROVIDE (__heap_start, .)

.eeprom         0x00810000        0x0
 *(.eeprom*)
                0x00810000                __eeprom_end = .

.fuse
 *(.fuse)
 *(.lfuse)
 *(.hfuse)
 *(.efuse)

.lock
 *(.lock*)

.signature
 *(.signature*)

.stab           0x00000000      0xf78
 *(.stab)
 .stab          0x00000000      0x72c ./MCAL/M_DIO/MDIO_Program.o
 .stab          0x0000072c      0x36c ./MCAL/EXT_INT/EXTI_Program.o
                                0x528 (size before relaxing)
 .stab          0x00000a98      0x258 ./HAL/H_SWITCH/SWITCH_program.o
                                0x414 (size before relaxing)
 .stab          0x00000cf0      0x288 ./main.o
                                0x444 (size before relaxing)

.stabstr        0x00000000      0xc11
 *(.stabstr)
 .stabstr       0x00000000      0xc11 ./MCAL/M_DIO/MDIO_Program.o

.stab.excl
 *(.stab.excl)

.stab.exclstr
 *(.stab.exclstr)

.stab.index
 *(.stab.index)

.stab.indexstr
 *(.stab.indexstr)

.comment
 *(.comment)

.debug
 *(.debug)

.line
 *(.line)

.debug_srcinfo
 *(.debug_srcinfo)

.debug_sfnames
 *(.debug_sfnames)

.debug_aranges
 *(.debug_aranges)

.debug_pubnames
 *(.debug_pubnames)

.debug_info
 *(.debug_info)
 *(.gnu.linkonce.wi.*)

.debug_abbrev
 *(.debug_abbrev)

.debug_line
 *(.debug_line)

.debug_frame
 *(.debug_frame)

.debug_str
 *(.debug_str)

.debug_loc
 *(.debug_loc)

.debug_macinfo
 *(.debug_macinfo)
OUTPUT(D14_Task1.elf elf32-avr)
LOAD linker stubs
